
<!DOCTYPE HTML PUBLIC "-//W3C//DTD HTML 4.01 Transitional//EN">
<html>
<head>
<meta http-equiv="Content-Type" content="text/html; charset=utf-8" />
<meta name="generator" content="RIDE" /> 
<meta name="rf-template" content="False" /> 
<style type="text/css">
html {
  font-family: Arial,Helvetica,sans-serif;
  background-color: white;
  color: black;
}
table {
  border-collapse: collapse;
  empty-cells: show;
  margin: 1em 0em;
  border: 0.1em solid black;
}
th, td {
  border-style: solid;
  border-width: 0.05em 0.1em;
  border-color: black;
  padding: 0.1em 0.2em;
  height: 1.5em;
  width: 12em;
}
th {
  background-color: rgb(192, 192, 192);
  color: black;
  border-width: 0.1em;
  font-weight: bold;
  text-align: center;
  letter-spacing: 0.1em;
}
td.name {
  background-color: rgb(240, 240, 240);
  letter-spacing: 0.1em;
}
td.name, th.name {
  width: 10em;
}
</style>
<title>Golden Resource</title>
</head>
<body>
<h1>Golden Resource</h1>
<table id="settings" border="1">
<tr>
<th class="name">Setting</th>
<th colspan="4">Value</th>
</tr>
<tr>
<td class="name">Documentation</td>
<td colspan="4">This is resource file documentation</td>
</tr>
<tr>
<td class="name">Library</td>
<td>OperatingSystem</td>
<td></td>
<td></td>
<td></td>
</tr>
<tr>
<td class="name">Resource</td>
<td>another_resource.html</td>
<td></td>
<td></td>
<td></td>
</tr>
<tr>
<td class="name"></td>
<td></td>
<td></td>
<td></td>
<td></td>
</tr>
</table>
<table id="variables" border="1"></table>
<table id="testcases" border="1"></table>
<table id="keywords" border="1">
<tr>
<th class="name">Keyword</th>
<th>Action</th>
<th colspan="3">Arguments</th>
</tr>
<tr>
<td class="name"><a name="keyword_Resource UK">Resource UK</a></td>
<td>[Arguments]</td>
<td>${value}</td>
<td></td>
<td></td>
</tr>
<tr>
<td class="name"></td>
<td>[Documentation]</td>
<td colspan="3">This is a keyword from a resource file</td>
</tr>
<tr>
<td class="name"></td>
<td>Repeat Keyword</td>
<td>4 x</td>
<td>No Operation</td>
<td></td>
</tr>
<tr>
<td class="name"></td>
<td>asdasd</td>
<td></td>
<td></td>
<td></td>
</tr>
<tr>
<td class="name"></td>
<td>[Return]</td>
<td>${value}</td>
<td></td>
<td></td>
</tr>
<tr>
<td class="name"></td>
<td></td>
<td></td>
<td></td>
<td></td>
</tr>
<tr>
<td class="name"><a name="keyword_Curdir In Resource">Curdir In Resource</a></td>
<td>Should Not Contain</td>
<td>${CURDIR}</td>
<td>golden</td>
<td></td>
</tr>
<tr>
<td class="name"></td>
<td></td>
<td></td>
<td></td>
<td></td>
</tr>
</table>
</body>
</html>
