<!DOCTYPE HTML PUBLIC "-//W3C//DTD HTML 4.01 Transitional//EN">
<html><head>
<style type="text/css">
html {
  font-family: Arial,Helvetica,sans-serif;
  background-color: white;
  color: black;
}
p {
  max-width: 60em;
}
table {
  border-collapse: collapse;
  empty-cells: show;
  margin: 1em 0em;
  border: 0.1em solid black;
}
th, td {
  border-style: solid;
  border-width: 0.05em 0.1em;
  border-color: black;
  padding: 0.1em 0.2em;
  height: 1.5em;
}
th {
  background-color: rgb(192, 192, 192);
  color: black;
  border-width: 0.1em;
  font-weight: bold;
  text-align: center;
  text-transform: capitalize;
  letter-spacing: 0.1em;
}
/* Widths of named columns */
col.name {
  width: 10em;
}
.action, .value, .arg {
  width: 15em;
}
/* Properties for the name column 
- td:first-child should work in CSS 2.1 avare browsers (tested in Firefox)
- col.name is against specs but works in IE
*/
td:first-child, col.name {
  background-color: rgb(240, 240, 240);
  text-transform: capitalize;
  letter-spacing: 0.1em;
}
/* required for IE */
th {
  font-style: normal;
}
</style>
<title>Golden Tests</title></head>
<body>
<h1>Golden Tests</h1>

<table border="1">
<colgroup span="99"><col class="name"><col class="value" span="4"></colgroup>
<tbody><tr>
<th>Setting</th>
<th>Value</th>
<th>Value</th>
<th>Value</th>
<th>Value</th>
</tr>
<tr>
<td>Documentation</td>
<td>Test cases for IDE compatibility\n<br>Documentation has a newline</td>
<td></td>
<td></td>
<td></td>
</tr>
<tr><td></td><td></td><td></td><td></td><td></td></tr><tr>
<td>Force Tags</td>
<td>force1</td>
<td>force 2</td>
<td></td>
<td></td>
</tr>
<tr>
<td>Default Tags</td>
<td>d1</td>
<td>d2</td>
<td></td>
<td></td>
</tr>
<tr>
<td>Suite Setup</td>
<td>My Suite Setup</td>
<td></td>
<td></td>
<td></td>
</tr>
<tr>
<td>Suite Teardown</td>
<td>My Suite Teardown</td>
<td></td>
<td></td>
<td></td>
</tr>
<tr>
<td>Test Setup</td>
<td>My Test Setup</td>
<td></td>
<td></td>
<td></td>
</tr>
<tr>
<td>Test Teardown</td>
<td>My Test Teardown</td>
<td></td>
<td></td>
<td></td>
</tr>
<tr>
<td>Test Timeout</td>
<td>1 min</td>
<td></td>
<td></td>
<td></td>
</tr>
<tr>
<td>Meta: My Meta Data</td>
<td>This has some interesting values</td>
<td></td>
<td></td>
<td></td>
</tr>

<tr><td></td><td></td><td></td><td></td><td></td></tr><tr>
<td>Resource</td>
<td>golden_resource.html</td>
<td></td>
<td></td>
<td></td>
</tr>

<tr>
<td>Library</td>
<td>OperatingSystem</td>
<td></td>
<td></td>
<td></td>
</tr><tr><td>Library</td><td>ArgLib</td><td>foo</td><td>bar</td><td></td></tr><tr><td>Variables</td><td>varz.py</td><td></td><td></td><td></td></tr><tr><td></td><td></td><td></td><td></td><td></td></tr>
</tbody></table>

<table border="1">
<colgroup span="99"><col class="name"><col class="value" span="4"></colgroup>
<tbody><tr>
<th>Variable</th>
<th>Value</th>
<th>Value</th>
<th>Value</th>
<th>Value</th>
</tr>
<tr>
<td>${SCALAR_VAR}</td>
<td>Hello\n, World!</td>
<td></td>
<td></td>
<td></td>
</tr>
<tr>
<td>@{LIST}</td>
<td>1</td>
<td>2</td>
<td>3</td>
<td>4</td>
</tr>
<tr><td>${unicode}</td><td>§öäå</td><td></td><td></td><td></td></tr><tr>
<td></td>
<td></td>
<td></td>
<td></td>
<td></td>
</tr>
</tbody></table>

<table border="1">
<colgroup span="99"><col class="name"><col class="action"><col class="arg" span="3"></colgroup>
<tbody><tr>
<th>Test Case</th>
<th>Action</th>
<th>Argument</th>
<th>Argument</th>
<th>Argument</th>
</tr>
<tr>
<td><a name="test_Passing_Test">Passing Test</a></td>
<td>[Documentation]</td>
<td>This is a passing test</td>
<td></td>
<td></td>
</tr>
<tr>
<td></td>
<td>[Tags]</td>
<td>tag1</td>
<td>tag2</td>
<td>tag3</td>
</tr>
<tr>
<td></td>
<td>[Timeout]</td>
<td>20 seconds</td>
<td></td>
<td></td>
</tr>
<tr><td></td><td>Should Be Equal</td><td>${SCALAR VAR}</td><td>Hello\n, World!</td><td></td></tr><tr>
<td></td>
<td>Log Many</td>
<td>Hello</td>
<td>World</td>
<td>${CURDIR}</td>
</tr>
<tr><td></td><td>...</td><td>@{LIST}</td><td>${UNICODE}</td><td></td></tr><tr><td></td><td>Log Many</td><td>1</td><td>2</td><td>3</td></tr><tr><td></td><td>...</td><td>4</td><td>5</td><td>6</td></tr><tr><td></td><td>...</td><td>7</td><td>8</td><td>9</td></tr><tr><td></td><td>...</td><td>10</td><td>11</td><td>12</td></tr><tr><td></td><td>Should Not Contain</td><td>${CURDIR}</td><td>golden</td><td></td></tr><tr><td></td><td>Curdir in Resource</td><td></td><td></td><td></td></tr><tr><td></td><td>Log</td><td>${var from file}</td><td></td><td></td></tr><tr>
<td></td>
<td></td>
<td></td>
<td></td>
<td></td>
</tr>
<tr>
<td><a name="test_User_Keywords">User Keywords</a></td>
<td>${ret} =</td>
<td>User Keyword</td>
<td>args</td>
<td></td>
</tr>
<tr>
<td></td>
<td>Should Be Equal</td>
<td>${ret}</td>
<td>Success</td>
<td></td>
</tr>
<tr>
<td></td>
<td>Resource UK</td>
<td>my value</td>
<td></td>
<td></td>
</tr>
<tr><td></td><td></td><td></td><td></td><td></td></tr><tr><td>Library With Args</td><td>${man} =</td><td>Get Mandatory</td><td></td><td></td></tr><tr>
<td></td>
<td>${def} =</td><td>Get Default</td>

<td></td>
<td></td>
</tr>
<tr><td></td><td>Should Be Equal</td><td>${man}${def}</td><td>foobar</td><td></td></tr><tr><td></td><td></td><td></td><td></td><td></td></tr><tr>
<td><a name="test_Challenging_Test">Challenging Test</a></td>
<td>[Setup]</td>
<td></td>
<td></td>
<td></td>
</tr>
<tr>
<td></td>
<td>:: FOR</td>
<td>${i}</td>
<td>IN</td>
<td>@{list}</td>
</tr>
<tr>
<td></td>
<td></td>
<td>Log</td>
<td>${i}</td>
<td></td>
</tr>
<tr>
<td></td>
<td>:: FOR</td>
<td>${x}</td>
<td>${y}</td>
<td>IN RANGE</td>
</tr>
<tr>
<td></td>
<td>...</td>
<td>10</td>
<td></td>
<td></td>
</tr>
<tr>
<td></td>
<td></td>
<td>${result} =</td>
<td>Evaluate</td>
<td>${x}*${y}</td>
</tr>
<tr>
<td></td>
<td></td>
<td>Log</td>
<td>${result}</td>
<td></td>
</tr>
<tr>
<td></td>
<td>:: PARALLEL</td>
<td></td>
<td></td>
<td></td>
</tr>
<tr>
<td></td>
<td></td>
<td>Fail Unless</td>
<td>@{list}[0]==1</td>
<td></td>
</tr>
<tr>
<td></td>
<td></td>
<td>Log</td>
<td>Inside Paralell Block</td>
<td></td>
</tr>
<tr>
<td></td>
<td></td>
<td></td>
<td></td>
<td></td>
</tr>
<tr>
<td><a name="test_Failing_Teardown">Failing Teardown</a></td>
<td>[Teardown]</td>
<td>Fail</td>
<td></td>
<td></td>
</tr>
<tr>
<td></td>
<td>No Operation</td>
<td></td>
<td></td>
<td></td>
</tr>
<tr>
<td></td>
<td></td>
<td></td>
<td></td>
<td></td>
</tr>
<tr><td>Unicode §</td><td>Log</td><td>½¼¤</td><td></td><td></td></tr><tr><td></td><td>Should Be Equal</td><td>${unicode}</td><td>§öäå</td><td></td></tr><tr>
<td></td>
<td></td>
<td></td>
<td></td>
<td></td>
</tr>
</tbody></table>

<table border="1">
<colgroup span="99"><col class="name"><col class="action"><col class="arg" span="3"></colgroup>
<tbody><tr>
<th>Keyword</th>
<th>Action</th>
<th>Argument</th>
<th>Argument</th>
<th>Argument</th>
</tr>
<tr>
<td><a name="keyword_My_Test_Setup">My Test Setup</a></td>
<td>Log</td>
<td>Hello from test setup</td>
<td></td>
<td></td>
</tr>
<tr>
<td></td>
<td></td>
<td></td>
<td></td>
<td></td>
</tr>
<tr>
<td><a name="keyword_My_Suite_Setup">My Suite Setup</a></td>
<td>Log</td>
<td>Hello from suite setup</td>
<td></td>
<td></td>
</tr>
<tr>
<td></td>
<td></td>
<td></td>
<td></td>
<td></td>
</tr>
<tr>
<td><a name="keyword_My_Test_Teardown">My Test Teardown</a></td>
<td>Log</td>
<td>Hello from test teardown</td>
<td></td>
<td></td>
</tr>
<tr>
<td></td>
<td></td>
<td></td>
<td></td>
<td></td>
</tr>
<tr>
<td><a name="keyword_My_Suite_Teardown">My Suite Teardown</a></td>
<td>Log</td>
<td>Hello from suite teardown</td>
<td></td>
<td></td>
</tr>
<tr>
<td></td>
<td></td>
<td></td>
<td></td>
<td></td>
</tr>
<tr>
<td><a name="keyword_User_Keyword">User Keyword</a></td>
<td>[Documentation]</td>
<td>This is a User Keyword</td>
<td></td>
<td></td>
</tr>
<tr>
<td></td>
<td>[Arguments]</td>
<td>${arg}</td>
<td>${default}=default</td>
<td>@{list}</td>
</tr>
<tr>
<td></td>
<td>Log</td>
<td>${arg}</td>
<td></td>
<td></td>
</tr>
<tr>
<td></td>
<td>Log</td>
<td>${default}</td>
<td></td>
<td></td>
</tr>
<tr>
<td></td>
<td>Log Many</td>
<td>@{list}</td>
<td></td>
<td></td>
</tr>
<tr>
<td></td>
<td>[Return]</td>
<td>Success</td>
<td></td>
<td></td>
</tr>
<tr>
<td></td>
<td></td>
<td></td>
<td></td>
<td></td>
</tr>
<tr>
<td></td>
<td></td>
<td></td>
<td></td>
<td></td>
</tr>
</tbody></table>

</body></html>